Gd, Rp, Aa^Fma, Ha^Fda, Ha^Fma, Ha, Ha, Ms^Xm, Ms^Xm, Ms^Xm, Ms^Xm, Ms^Xm, Ms^Xm, Ms^Xm, Ms^Xm, Mm, Ms, Ms, Ms, Ms, Ms^Xm, Ms^Xm, Ms^Xm, Ms^Xm, Ms^Xm, Ms^Xm, Ms^Xm, Wo, Wo, Wo, Ms^Xm, Ms^Xm, Ms^Xm, Ww, Ww, Wo, Wo, Wo, Ww, Wo
Gd, Rp, Rp, Ha, Aa^Fma, Ha^Fma, Ha, Ms^Xm, Ms, Ms^Xm, Ms^Xm, Ms^Xm, Ms, Ms, Ms, Ms, Ms, Ms, Ms, Ms, Ms, Ms, Ms, Ms, Ms, Ms^Xm, Ww, Wo, Wo, Ms^Xm, Ms^Xm, Ms^Xm, Ms^Xm, Ms, Ms, Ww, Wo, Wo, Ww, Ww
Aa, Gd, Rp, Aa, Aa^Esa, Aa^Fma, Ha, Ha, Ms, Ms, Ha, Ms, Ha^Fda, Ha, Ha^Fda, Ha^Esa, Ms, Ms, Ms, Ha, Ha^Esa, Ha, Wwf^Es, Ww, Ai, Ai, Ww, Wo, Ms, Ms^Xm, Ms^Xm, Ms^Xm, Ms^Xm, Ms, Ms, Ww, Ww, Wo, Ww, Ww
Aa^Esa, Aa, Rp, Aa, Aa, Aa^Esa, Gd, Gd, Aa^Esa, Ha^Esa, Ha^Esa, Ha, Ha^Fda, Ha^Fda, Ha^Fda, Ha, Ms, Ms, Ha, Ha^Esa, Ha^Esa, Ha, Wo, Wo, Ww, Ms, Ms, Ms, Ms, Ms, Ms, Ms^Xm, Ms^Xm, Ms, Ms, Ms, Ww, Ww, Ms, Ms
Aa^Fma, Aa^Esa, Gd, Rp, Rp, Gd, Gd^Efm, Aa, Aa^Vla, Aa^Esa, Aa^Wm, Ha, Ha, Ha, Ha^Esa, Ms, Ms, Ds, Ha^Vhha, Ds, Ds, Ww, Ww, Ww, Ha, Ha, Ha, Ms, Ms, Ms, Ms, Ms, Ha^Esa, Ms, Ms, Ww, Ms, Ms, Ms^Xm, Ms
Aa^Fma, Aa^Fma, Aa^Fma, Gd, Gd, Rp, Aa, Aa, Re^Gvs, Re^Gvs, Re^Gvs, Ha, Gd, Aa, Ha, Ha^Esa, Ha, Ds, Ds, Ds, Ai, Ww, Wwg^Ewf, Ww, Ss, Ha^Esa, Aa^Esa, Ha, Aa, Ha, Ms, Ms, Ha, Ha^Esa, Ms, Ww, Ww, Ms, Ms, Ms
Aa^Fma, Aa^Fma, Aa^Fma, Aa, Aa, Rp, Gd^Eff, Re^Gvs, Re^Gvs, Re^Gvs, Gd^Eff, Gd^Eff, Gd, Aa^Esa, Aa^Esa, Aa, Ha, Ha^Esa, Ha^Esa, Ds, Ai, Ww, Ww, Ww, Aa, Aa^Esa, Gd, Gd, Aa^Esa, Aa, Ha, Ha, Aa, Aa^Esa, Ha^Esa, Ms, Ms, Ww, Ms, Ms
Aa^Fma, Aa^Fma, Aa, Aa, Aa^Esa, Rp, Rra, Gd^Eff, Aa^Eff, Aa^Eff, Aa^Esa, Gd, Gd, Ha, Ha, Aa, Aa, Ha, Ds, Ds, Ha^Esa, Ha^Esa, Ha, Ha, Ha, Ha, Aa^Fma, Aa, Aa, Aa^Esa, Ha, Ha, Gd, Gd, Aa, Ha, Ww, Ww, Ha, Ha
Aa^Esa, Aa^Fma, Aa, Aa^Vla, Aa, Aa^Esa, Cva, Rra, Rra, Aa, Aa, Aa^Esa, Gd, Gd, Gd, Aa^Esa, Aa^Esa, Ha, Ha, Aa, Gs, Ha, Ha, Aa^Fma, Ha^Fda, Aa, Aa, Aa^Fpa, Aa^Fpa, Aa^Fpa, Aa^Fpa, Aa^Fpa, Aa^Fpa, Cfa, Cfa, Aa, Ww, Aa, Ha^Esa, Ha
Aa, Aa^Esa, Re^Gvs, Aa, Aa, Cva, Cva, Cva, Cva, Rra, Rra, Rp, Rp, Gd, Gd, Aa^Fpa, Aa^Fpa, Aa^Fpa, Aa^Esa, Aa, Gs, Aa^Fma, Ha, Ha, Aa^Fpa, Aa^Fpa, Aa^Fma, Aa^Fpa, Aa^Fpa, Aa^Fpa, Gd^Efm, Aa, Gd, Aa, Cfa, Ha, Ai, Ha, Ms^Xm, Ha^Esa
Re^Gvs, Re^Gvs, Re^Gvs, Re^Gvs, Aa, Cva, Gs^Ebn, 1 Kva, Cva, Re, Re, Aa^Feta, Rp, Gd, Aa, Aa, Aa, Ha, Aa^Fpa, Aa^Esa, Ha, Gs, Gll, Ha^Fda, Aa^Fma, Gs, Gll, Aa^Fma, Aa^Fma, Aa^Fma, Gs^Efm, Gs, Aa, Gd, Aa^Esa, Ha, Ai, Ai, Ha, Ms^Xm
Gd, Re^Gvs, Gs^Efm, Gd^Efm, Aa^Esa, Aa, Cva, Cva, Gs, Re, Aa^Esa, Aa, Rp, Aa^Vla, Ha, Aa, Aa, Ha, Aa, Aa^Fpa, Aa^Fpa, Gll, Aa, Aa, Aa^Esa, Aa, Gll, Aa^Fpa, Aa^Fpa, Gll, Gll^Efm, Gs, Gs^Efm, Aa, Aa, Aa^Esa, Ww, Ms, Ms^Xm, Ha
Gd, Gs, Aa, Aa, Aa^Vla, Aa^Esa, Aa, Aa, Gd^Eff, Aa^Eff, Aa^Eff, Aa^Esa, Rp, Gd, Gd, Aa, Aa, Aa^Fpa, Aa, Aa^Fma, Aa^Fpa, Aa^Fpa, Aa^Fpa, Aa^Fma, Aa^Fma, Aa^Esa, Aa^Fma, Aa^Fpa, Ha^Fda, Aa^Fpa, Gll^Es, Aa^Fpa, Aa^Fpa, Gs, Aa^Fpa, Aa^Fpa, Ww, Ha, Ms^Xm, Ms^Xm
Gd, Gs, Rp, Aa, Gd, Aa, Aa^Eff, Gd^Eff, Re^Gvs, Re^Gvs, Re^Gvs, Gd^Eff, Gd, Rp, Gd, Gd, Aa^Fpa, Aa^Fpa, Aa^Fpa, Aa^Fpa, Aa, Aa, Aa^Fma, Aa^Fpa, Aa^Fda, Aa^Fda, Aa^Fda, Aa^Fda, Ha^Fda, Ha, Aa, Gs, Aa^Fma, Aa^Fpa, Aa^Fpa, Aa^Fpa, Re, Ha, Ms, Ms^Xm
Rp, Rp, Gd, Rp, Gd, Aa, Aa^Fma, Re^Gvs, Re^Gvs, Re^Gvs, Aa^Fpa, Aa^Fpa, Gd, Rp, Gd, Gd, Aa^Fpa, Ha, Aa, Aa^Fma, Aa, Ha, Aa, Aa^Fpa, Aa^Fma, Aa, Aa^Fma, Aa^Fma, Ha, Aa^Fma, Aa^Fma, Aa, Aa^Fda, Aa^Fma, Aa^Fpa, Re, Ww, Ww, Ms, Ms^Xm
Gd, Gd, Aa^Fda, Rp, Gd, Aa, Aa, Aa^Esa, Aa^Esa, Aa, Aa^Fpa, Aa^Fpa, Aa, Rp, Gd, Aa^Fpa, Aa^Esa, Aa, Gd, Gd, Aa^Fma, Aa, Gs, Aa^Fpa, Gs, Aa^Fpa, Aa^Fpa, Aa^Fma, Aa, Aa, Aa^Fma, Aa^Fma, Aa^Fda, Aa^Fda, Gs, Re, Ww, Ha, Ms^Xm, Ms^Xm
Aa^Fda, Aa^Fda, Aa^Fda, Rp, Rp, Rp, Rp, Aa, Aa, Aa^Fpa, Aa, Aa^Fpa, Aa^Esa, Rp, Rp, Aa^Fpa, Aa, Aa^Esa, Gd, Gd, Ds, Gs, Aa, Aa^Fma, Aa^Fma, Gs, Gs, Aa^Esa, Aa^Esa, Aa^Fma, Re, Aa^Fpa, Aa^Fpa, Aa^Fma, Aa^Fma, Re, Ai, Ha, Ms, Ms^Xm
Aa^Fda, Aa^Fda, Gd, Gd, Aa^Vla, Aa^Esa, Aa^Esa, Rp, Rp, Aa, Ww, Aa, Ai, Aa^Esa, Ww, Rp, Ww, Ai, Ai, Ds, Wo, Ds, Aa^Esa, Aa^Fma, Aa, Aa, Gs, Aa^Fma, Re, Re, Re, Aa^Fpa, Gll^Em, Aa^Fma, Re, Re, Aa^Esa, Ai, Ha, Ms
Aa^Fda, Aa^Fda, Gd, Aa, Aa, Aa, Ww, Aa, Ai, Ww^Bw\, Wo^Bw\, Ww, Wo, Wo, Ww, Ww^Bsb|, Ww, Wo, Wo, Wo, Ww, Ds, Ai, Aa^Esa, Re, Re, Re, Re, Re, Aa^Fma, Aa^Fma, Re, Re, Re, Aa^Vha, Aa^Esa, Ww, Ww, Ww, Ww
Aa, Aa, Aa, Gd, Ww, Ww, Ww^Ewf, Ww, Ww, Wo, Ww, Wo^Bw|, Ai, Ai^Esa, Ai^Esa, Rp, Ds, Ai, Ai, Ww, Ai, Ww, Ww^Bw|, Ai^Bw/, Ww, Aa^Vca, Gs, Gs, Aa^Fpa, Aa^Fma, Aa^Fda, Re^Eff, Re^Eff, Aa^Fma, Gll, Aa, Ai, Ww, Ww, Ww
Aa, Aa, Ai, Ww, Re, Ww, Ww, Ww, Aa, Ww, Aa, Rp, Aa^Esa, Ai, Rp, Rp, Gs, Ds, Aa, Aa^Esa, Aa^Esa, Ai, Gd, Ww, Ww, Wwf, Aa^Esa, Gs, Aa, Aa^Fda, Aa^Fda, Aa^Fpa, Aa^Fpa, Aa^Fma, Gll, Ai, Wo, Wo, Ww, Ww
Ai, Ai, Ai, Aa^Vla, Aa^Fda, Re, Re^Gvs, Re^Gvs, Re^Gvs, Aa^Esa, Aa^Esa, Rp, Aa, Aa^Esa, Rp, Gd, Aa, Aa, Aa^Fpa, Aa, Aa, Gd, Aa, Aa, Gd, Ww, Aa, Aa^Esa, Gd, Aa^Fda, Aa^Fma, Aa, Aa^Fpa, Aa^Fpa, Aa^Esa, Ai, Ww, Wo, Ww, Ww
Ms, Ms, Ww, Aa^Fda, Aa^Fda, Re^Gvs, Re^Gvs, Re^Gvs, Re^Gvs, Re^Gvs, Gs, Rp, Rp, Gs, Rp, Gs, Aa, Aa^Fpa, Gs^Efm, Aa^Fpa, Aa^Fpa, Gll, Ha, Ha^Dr, Aa^Esa, Ww, Ww^Bw/, Aa, Aa, Gd, Aa^Esa, Gd, Gd, Aa^Fma, Aa^Vha, Aa^Esa, Chw, Ai, Ms^Xm, Ms^Xm
Ms, Ms^Xm, Ms, Ww, Ai, Aa^Fda, Gs, Re^Gvs, Aa, Gs, Aa, Gs, Rp, Rp, Aa, Aa, Gd^Efm, Gs^Efm, Gs^Efm, Aa^Fpa, Aa^Fpa, Gll, Ha^Esa, Ha^Dr, Aa, Aa^Esa, Re^Edb, Ww, Ww, Ww, Ai, Aa^Esa, Aa, Aa^Fma, Aa^Fma, Aa, Ww, Ai, Ai^Esa, Ms^Xm
Ms, Ms, Ha, Ha, Ai, Gs, Gs, Aa, Aa^Fda, Aa^Fda, Aa, Rp, Gs, Gs, Aa^Esa, Gs^Efm, Gs^Efm, Aa^Esa, Aa^Esa, Aa, Aa, Gd, Re, Re, Re, Re, Re^Edb, Gd, Aa, Re^Edb, Re, Ai, Ai, Ww, Ww, Ww, Ds^Es, Ds, Ai, Ai^Esa
Ms, Ms, Ms, Ai, Aa^Fda, Aa, Gs, Aa, Re, Aa^Fda, Re, Rp, Rp, Aa, Aa, Aa^Esa, Rp, Aa, Rp, Gs, Gs^Esa, Gs, Gd^Es, Gd^Es, Re, Re, Gd^Es, Gd^Es, Gd, Aa, Cea^Esa, Chw^Esa, Gd, Ww, Aa^Fma, Wo, Wo, Ds^Es, Ww, Ai
Ms^Xm, Ms, Ha, Ai, Re, Re, Re, Re, Aa, Re, Aa^Esa, Aa^Esa, Gs, Rp, Rp, Rp, Gs^Esa, Rp, Gs, Rp, Rp, Gs^Esa, Gd^Es, Re, Re, Cva^Vea, Re, Re^Edb, Re, Cea, 2 Kva, Cea, Aa^Esa, Aa^Esa, Aa^Fma, Gd, Wo, Ds, Ww, Ww
Ms^Xm, Ms^Xm, Ms, Wwf, Ww, Aa^Esa, Aa^Fda, Gs, Re, Aa^Vla, Re^Gvs, Re^Gvs, Re^Gvs, Gs^Eff, Gs^Eff, Gs, Gs^Wm, Gs^Esa, Aa^Esa, Aa, Rp, Re, Re, Re, Gs, Re, Gs^Edb, Re^Edb, Gs, Cea^Esa, Cea^Esa, Aa^Fma, Aa^Fma, Aa^Fpa, Aa^Fpa, Aa, Ai^Esa, Ds, Ai, Ww
Ms^Xm, Ms^Xm, Ms, Ha, Ww, Aa, Aa^Fda, Gs, Re^Gvs, Re^Gvs, Re^Gvs, Re^Gvs, Gs^Eff, Gs^Eff, Aa, Aa^Esa, Aa, Gd, Aa, Aa^Esa, Aa, Rp, Ha^Dr, Ha^Dr, Gd, Gd, Gd, Gd, Gd, Cea^Esa, Aa^Esa, Aa^Fma, Aa^Fma, Aa^Fpa, Aa^Fpa, Aa^Fpa, Aa^Fpa, Ai^Esa, Aa^Fpa, Ai
Ms^Xm, Ms^Xm, Ms, Ms, Ww, Aa^Fda, Aa^Fda, Aa^Fma, Aa^Fma, Re^Gvs, Aa^Fma, Gs^Eff, Aa^Fda, Gs, Aa^Fma, Aa^Fma, Aa^Fma, Gd, Aa^Fma, Aa, Gs, Rp, Rp, Ha^Esa, Aa, Aa^Fma, Aa^Fma, Aa, Aa^Fma, Aa, Aa^Fma, Aa^Fma, Aa^Vha, Aa^Fpa, Aa^Fpa, Aa^Fpa, Aa^Fpa, Aa^Fpa, Aa^Fpa, Aa^Fpa
Ms^Xm, Ms^Xm, Ms^Xm, Ms, Ai, Aa^Fda, Aa^Fda, Aa^Fma, Aa^Fda, Aa^Fma, Aa^Fda, Aa^Fda, Aa^Fda, Gs, Gs, Aa^Fma, Aa^Fma, Aa^Fma, Aa^Fma, Aa, Gs, Gs, Rp, Aa, Gs, Aa^Fma, Aa^Fma, Aa^Fma, Aa^Fma, Aa^Fma, Aa^Fma, Aa^Fma, Aa^Fma, Aa^Fma, Aa^Fma, Aa^Fma, Aa^Fma, Aa^Fpa, Aa^Fma, Aa^Fma
Ms^Xm, Ms^Xm, Ms^Xm, Ms^Xm, Ai, Aa^Fda, Aa^Fda, Aa^Fma, Aa^Fda, Aa^Fma, Aa^Fda, Aa^Fda, Aa^Fda, Gs, Gs, Aa^Fma, Aa^Fma, Aa^Fma, Aa^Fma, Aa, Gs, Gs, Rp, Gs, Gs, Aa^Fma, Aa^Fma, Aa^Fma, Aa^Fma, Aa^Fma, Aa^Fma, Aa^Fma, Aa^Fma, Aa^Fma, Aa^Fma, Aa^Fma, Aa^Fma, Aa^Fpa, Aa^Fma, Aa^Fma
