Ms^Xm, Gd, Ms^Xm, Ms^Xm, Ms^Xm, Ms^Xm, Ms^Xm, Ha, Gd, Gd, Gd, Gd, Ha, Ms, Ms, Ms, Ms^Xm, Ms^Xm, Ms^Xm, Ms^Xm, Ms^Xm, Ms^Xm, Ms^Xm, Ms^Xm, Ms^Xm, Ms^Xm, Ms^Xm
Ms^Xm, Ms^Xm, Ms, Ms, Ms^Xm, Ms^Xm, Ha^Fda, Ha, Gd^Esa, Gd, Gd^Efm, Gd, Aa^Esa, Ha, Ms, Ms^Xm, Ms^Xm, Ms^Xm, Ms, Ms^Xm, Ms^Xm, Ms^Xm, Cfa, Ms^Xm, Ms^Xm, Ms^Xm, Ms^Xm
Ms^Xm, Ms, Rra, Rra, Cfa, Aa^Fma, Aa^Fpa, Aa^Esa, Gd^Esa, Gd^Efm, Gd^Efm, Gd^Esa, Gd^Esa, Aa, Ha, Ms, Ms, Ms, Ms, Ms, Ms, Cfa, Rrc^Vhca, Cfa, Cfa, Ms^Xm, Ms^Xm
Ms^Xm, Ms, Cfa, 1 Kfa, Cfa, Aa, Aa, Aa, Gd, Gd^Efm, Aa, Aa, Aa^Fpa, Aa^Fpa, Aa^Fma, Ha, Aa^Em, Ms, Ha^Esa, Ha, Aa, Cfa, Cfa, 2 Kfa, Cfa, Ms^Xm, Ms^Xm
Ms^Xm, Ms^Xm, Rra^Esa, Cfa^Esa, Gd^Esa, Gd, Gd, Gd, Gd^Es, Gd, Aa, Aa^Fma, Aa^Fpa, Aa^Vca, Aa, Aa, Aa, Aa^Esa, Gd^Esa, Aa, Gd, Aa, Ha^Esa, Cfa, Ms, Ms^Xm, Ms^Xm
Ha, Ha, Gd, Gd, Aa^Esa, Gd^Esa, Aa^Fpa, Aa^Fpa, Aa^Fda, Aa^Es, Aa, Gd, Aa^Fma, Ha^Fda, Ha^Fpa, Aa, Aa, Gd^Esa, Gd, Gd, Gd^Es, Gd, Gd^Esa, Ha^Esa, Ms^Xm, Ms^Xm, Ms^Xm
Aa^Fda, Aa^Fda, Gd, Aa, Aa^Fda, Aa^Fda, Aa^Vca, Aa^Fma, Ha^Fpa, Aa^Fpa, Aa, Gd^Em, Aa^Fda, Ha^Fma, Ha^Fpa, Aa^Fpa, Aa, Gd, Gd, Gd^Es, Gd, Gd, Hhd, Ms, Ms^Xm, Ms^Xm, Ms^Xm
Aa, Aa^Fma, Aa^Fma, Aa, Ha, Ha^Fpa, Ha^Fma, Aa^Feta, Aa^Fpa, Ha^Fma, Aa^Es, Aa^Es, Aa, Aa^Fda, Gd, Gd, Gd^Esa, Aa^Esa, Aa^Fma, Aa, Aa, Aa, Hhd, Ms, Ms, Ms^Xm, Ms^Xm
Aa, Aa^Fpa, Gd^Esa, Gd^Esa, Gd^Em, Ha^Fda, Aa^Fpa, Aa^Fda, Aa^Fda, Aa^Fma, Gd, Gd, Gd^Esa, Gd, Aa, Aa, Aa^Fma, Aa^Fda, Aa^Fpa, Aa^Fma, Aa, Gd, Aa, Hhd, Aa^Em, Ms, Ms
Aa, Aa, Aa, Gd, Aa, Aa^Fpa, Aa^Fpa, Aa^Fda, Aa, Aa, Gd, Gd^Esa, Gd^Esa, Gd, Aa, Aa^Fda, Aa^Fda, Aa^Fma, Aa^Fpa, Aa^Fda, Aa^Esa, Gd^Esa, Aa, Gd, Gd^Esa, Ha^Esa, Ha
Aa^Fpa, Aa^Vca, Aa^Fda, Aa^Fpa, Aa^Fpa, Aa^Es, Gd^Esa, Gd, Gd, Gd, Ha, Ha, Ms, Ms, Ms, Ha, Ha, Aa^Fpa, Aa, Aa, Gd, Aa^Esa, Aa^Fpa, Aa^Fpa, Aa^Vca, Aa, Aa
Aa^Fpa, Aa^Fma, Aa^Fda, Aa^Fda, Aa^Fpa, Aa^Esa, Gd, Gd, Rd, Ms, Ms, Ms, Ms, Ms, Ms, Ms, Ms, Ms, Rd^Esa, Gd^Esa, Aa^Fma, Aa^Fma, Aa^Fda, Aa^Fma, Aa^Fda, Aa^Fda, Aa
Ha, Ha, Ms, Ha, Ms, Gd, Gd, Rd, Rd, Ms, Ms, Ms, Ms, Ms, Ms, Ms, Ms, Ms, Rd, Rd, Aa^Fpa, Aa^Fda, Ms, Ha, Ms, Ha, Ha
Ms, Ms, Ms, Ms, Ms, Ms, Ms, Ha, Re^Esa, Re^Esa, Ha, Ha^Em, Ms^Xm, Ms^Xm, Ms^Xm, Ha, Ha, Re^Esa, Re^Esa, Ha, Ms, Ms, Ms, Ms, Ms, Ms, Ms
Ms^Xm, Ms, Ms, Ms, Ms^Xm, Ms^Xm, Ms^Xm, Ha, Ha, Rb, Rb^Esa, Ha, Ms^Xm, Ms^Xm, Ms^Xm, Ha, Rb, Rb, Ha, Ha, Ms^Xm, Ms^Xm, Ms^Xm, Ms, Ms, Ms, Ms^Xm
Ms^Xm, Ms^Xm, Ms, Ms, Ms^Xm, Ms^Xm, Xoc, Xoc, Cf^Ebn, Cf, Cf, Cf, Xoc, Xoc, Xoc, Cf, Cf, Cf, Cf^Ebn, Xoc, Xoc, Ms^Xm, Ms^Xm, Ms, Ms, Ms^Xm, Ms^Xm
Xu, Ms^Xm, Uh, Uh, Xoc, Xoc, Xoc^Efs, Xoc, Isr, Cf, Isr, Cf, Xoc^Efs, Xoc, Xoc^Efs, Cf, Isr, Cf, Isr, Xoc, Xoc^Efs, Xoc, Xoc, Uh, Uh, Ms^Xm, Xu
Xu, Xu, Wwg^Qhu, Uh^Qhu, Xoc, Xoc, Isr, Isr, Isr, Isr, Isr, Isr, Isr, Xoc, Isr, Isr, Isr, Isr, Isr, Isr, Isr, Xoc, Xoc, Uh^Qhu, Wwg^Qhu, Xu, Xu
Xu, Xu, Uh, Wwg^Qhu, Xoc, Isr, Isr, Isr, Isr, Isr, Isr, Isr, Isc, Isr, Isc, Isr, Isr, Isr, Isr, Isr, Isr, Isr, Xoc, Wwg^Qhu, Uh, Xu, Xu
Xu, Xu, Uh, Wwg^Qhu, Xoc, Isr, Isr, Xoc, Isr, Isr, Isr^Ebn, Isc, Isr, Isr, Isr, Isc, Isr^Ebn, Isr, Isr, Xoc, Isr, Isr, Xoc, Wwg^Qhu, Uh, Xu, Xu
Xu, Xu, Wwg^Qhu, Wwg^Qhu, Xoc^Efs, Isr, Isr, Xoc, Isr, Isc, Isr, Isr, Ds^Qhu, Ds^Qhu, Ds^Qhu, Isr, Isr, Isc, Isr, Xoc, Isr, Isr, Xoc^Efs, Wwg^Qhu, Wwg^Qhu, Xu, Xu
Xu, Xu, Isr^Pr/, Isr^Pr/, Isr, Isr, Isr, Xoc, Isr, Isc, Isr, Ds^Qhu, Wwrg, Wwg^_ml, Wwg, Ds^Qhu, Isr, Isc, Isr, Xoc, Isr, Isr, Isr, Isr^Pr\, Isr^Pr\, Xu, Xu
Xu, Xu, Xu, Isr, Isr, Isr, Isr, Xoc, Isr, Isc, Isr, Ds^Qhu, Ds^Esd, Ds^Esd, Wwrg, Wwg^Qhu, Isr, Isc, Isr, Xoc, Isr, Isr, Isr, Isr, Xu, Xu, Xu
Xu, Xu, Xoc, Xoc, Xoc^Efs, Isr, Isr, Xoc, Isr, Isc, Isr, Wwg^Qhu, Wwg, Wwrg, Ds^Esd, Ds^Qhu, Isr, Isc, Isr, Xoc, Isr, Isr, Xoc^Efs, Xoc, Xoc, Xu, Xu
Xu, Xoc, Xoc, Xoc, Isr, Isr, Isr, Xoc^Efs, Isr, Isc, Isr, Wwrg^Qhu, Wwrg^Qhu, Ds^Esd, Wwrg^Qhu, Wwrg^Qhu, Isr, Isc, Isr, Xoc^Efs, Isr, Isr, Isr, Xoc, Xoc, Xoc, Xu
Xu, Xu, Xoc, Isr, Isr, Isr, Isr, Isr, Isr, Isr^Ebn, Isc, Isr, Isr, Ds^Qhu, Isr, Isr, Isc, Isr^Ebn, Isr, Isr, Isr, Isr, Isr, Isr, Xoc, Xu, Xu
Xu, Xu, Xoc, Cf, Cf, Xoc, Isr, Isr, Isc, Isr, Isr, Isc, Isc, Isr, Isc, Isc, Isr, Isr, Isc, Isr, Isr, Xoc, Cf, Cf, Xoc, Xu, Xu
Xu, Xoc, Iwr, Iwr, Iwr, Xoc, Isr, Isc, Isc, Isc, Isr, Isr, Isr, Isr, Isr, Isr, Isr, Isc, Isc, Isc, Isr, Xoc, Iwr, Iwr, Iwr, Xoc, Xu
Xu, Xoc, Iwr, Iwr^Ebn, Iwr, Xoc, Isr, Isr, Isr, Isr, Xoc^Efs, Xoc, Isr^Qhh, Isr^Qhh, Isr^Qhh, Xoc, Xoc^Efs, Isr, Isr, Isr, Isr, Xoc, Iwr, Iwr^Ebn, Iwr, Xoc, Xu
Xu, Xoc, Xoc, Iwr, Iwr, Xoc, Isr, Isr, Xoc, Xoc, Isr^Qhh, Isr^Qhh, Isr, Isr, Isr, Isr^Qhh, Isr^Qhh, Xoc, Xoc, Isr, Isr, Xoc, Iwr, Iwr, Xoc, Xoc, Xu
Xu, Xoc, Exos, Iwr^Pr\, Xoc, Xoc, Isr, Isr, Xoc, Isr^Qhh, Isr, Isr, Cf, Isr, Cf, Isr, Isr, Isr^Qhh, Xoc, Isr, Isr, Xoc, Xoc, Iwr^Pr/, Exos, Xoc, Xu
Xu, Xoc, Xoc, Exos, Exos, Xoc, Isr, Isr, Xoc^Efs, Isr^Qhh, Isr, Cf, Cf^Ebn, Cf^_mh, Cf^Ebn, Cf, Isr, Isr^Qhh, Xoc^Efs, Isr, Isr, Xoc, Exos, Exos, Xoc, Xoc, Xu
Xu, Xu, Xoc, Xoc, Xoc, Xoc, Isr, Isr, Isr^Qhh, Isr^Qhh, Isr, Cf, Cf^Vud, 3 Kf, Cf^Vud, Cf, Isr, Isr^Qhh, Isr^Qhh, Isr, Isr, Xoc, Xoc, Xoc, Xoc, Xu, Xu
Xu, Xu, Xoc, Isr, Isr, Xoc, Isr, Isr, Isr^Qhh, Isr, Isr, Cf, Cf, Cf, Cf, Cf, Isr, Isr, Isr^Qhh, Isr, Isr, Xoc, Isr, Isr, Xoc, Xu, Xu
Xu, Xu, Xoc, Isr, Cf, Isr, Isr, Isr, Isr^Qhh, Isr, Isr, Isr, Isr, Isr, Isr, Isr, Isr, Isr, Isr^Qhh, Isr, Isr, Isr, Cf, Isr, Xoc, Xu, Xu
Xu, Xu, Xoc, Isr, Cf^Ebn, Cf, Isr, Xoc, Isr^Qhh, Isr, Isr, Isr, Isr^Qhh, Isr^Qhh, Isr^Qhh, Isr, Isr, Isr, Isr^Qhh, Xoc, Isr, Cf, Cf^Ebn, Isr, Xoc, Xu, Xu
Xu, Xu, Xoc, Isr, Isr, Cf, Isr, Xoc, Xoc^Efs, Isr^Qhh, Isr^Qhh, Isr^Qhh, Xoc, Xoc, Xoc, Isr^Qhh, Isr^Qhh, Isr^Qhh, Xoc^Efs, Xoc, Isr, Cf, Isr, Isr, Xoc, Xu, Xu
Xu, Xu, Xu, Xoc, Xoc, Isr, Isr, Isr, Isr, Xoc, Xoc, Xoc, Isr, Isr, Isr, Xoc, Xoc, Xoc, Isr, Isr, Isr, Isr, Xoc, Xoc, Xu, Xu, Xu
Xu, Xu, Xu, Xu, Xu, Xoc, Xoc, Isr, Isr, Isr, Isr, Isr, Isc, Isc, Isc, Isr, Isr, Isr, Isr, Isr, Xoc, Xoc, Xu, Xu, Xu, Xu, Xu
Xu, Xu, Xu, Xu, Xu, Xu, Xu, Xoc, Xoc, Isr, Isr, Isc^Ebn, Isc, Isc^Ii, Isc, Isc^Ebn, Isr, Isr, Xoc, Xoc, Xu, Xu, Xu, Xu, Xu, Xu, Xu
Xu, Xu, Xu, Xu, Xu, Xu, Xu, Xu, Xu, Xoc, Xoc, Isr, Isr, Isc, Isr, Isr, Xoc, Xoc, Xu, Xu, Xu, Xu, Xu, Xu, Xu, Xu, Xu
Xu, Xu, Xu, Xu, Xu, Xu, Xu, Xu, Xu, Xu, Xu, Xoc, Isr, Isr, Isr, Xoc, Xu, Xu, Xu, Xu, Xu, Xu, Xu, Xu, Xu, Xu, Xu
Xu, Xu, Xu, Xu, Xu, Xu, Xu, Xu, Xu, Xu, Xu, Xoc, Isr, Isr, Isr, Xoc, Xu, Xu, Xu, Xu, Xu, Xu, Xu, Xu, Xu, Xu, Xu
Xu, Xu, Xu, Xu, Xu, Xu, Xu, Xu, Xu, Xu, Xu, Xoc, Xoc, Isr, Xoc, Xoc, Xu, Xu, Xu, Xu, Xu, Xu, Xu, Xu, Xu, Xu, Xu
Xu, Xu, Xu, Xu, Xu, Xu, Xu, Xu, Xu, Xu, Xu, Xu, Xu, Xoc, Xu, Xu, Xu, Xu, Xu, Xu, Xu, Xu, Xu, Xu, Xu, Xu, Xu
Xu, Xu, Xu, Xu, Xu, Xu, Xu, Xu, Xu, Xu, Xu, Xu, Xu, Xu, Xu, Xu, Xu, Xu, Xu, Xu, Xu, Xu, Xu, Xu, Xu, Xu, Xu
