Xu, Xu, Xom, Xu, Xu, Xu, Xu, Xu, Xu, Xu, Xu, Xu, Xu, Xu, Xu, Xu, Xu, Xu, Xu, Xu, Xu
Xu, Xu, Xom, Xom, Xom, Xu, Xu, Xu, Xu, Xu, Xu, Xu, Xu, Xu, Xu, Xu, Xu, Xu, Xu, Xu, Xu
Xu, Xom, Ur, Ur^Ii, Ur^Ii, Xom, Uh, Uu^Tf, Uu^Tf, Xu, Uh^Em, Xu, Xu, Xu, Xu, Xu, Xu, Xu, Xu, Xu, Xu
Xu, Xom, Ur, 1 Ur^Ii, Ur, Uu^Em, Uu, Uh^Tf, Uu^Em, Uu, Isa^Ebn, Uh, Uu^Em, Uh, Uu^Tf, Xu, Xu, Xu, Xu, Xu, Xu
Xu, Xom, Xom, Uu, Uu^Tf, Ur, Uu, Uu, Ur, Isa^Edb, Isa^Es, Isa^Es, Isa^Ebn, Uu^Tf, Uh, Xu, Xu, Xu, Xu, Xu, Xu
Xu, Xu, Xu, Xom, Xom, Uu^Tf, Isa^Ebn, Isa, Isa^Edb, Ur^Es, Ur^Edb, Isa^Edb, Isa, Isa^Es, Isa^Ebn, Uh, Xom, Xu, Xu, Xu, Xu
Xu, Xu, Xu, Xu, Xu, Uh, Uh, Isa^Es, Isa^Ebn, Isa^Edb, Isa^Edb, 2 Ur^Es, Ur, Isa^Es, Uu, Uu, Isa^Pw/, Xom, Xom, Xu, Xu
Xu, Xu, Xu, Xu, Xu, Xu, Xu, Uu^Tf, Uu^Em, Isa^Es, Isa^Ebn, Isa, Uh, Uu^Tf, Xom, Isa^Pw/, Uu, Isa, Uu, Xom, Xom
Xu, Xu, Xu, Xu, Xu, Xu, Xoa, Xu, Xu, Uu^Edb, Xu, Uh, Isa^Edb, Isa^Edb, Uu^Tf, Xom, Xom, Uu, Isa, Isa, Isa
Xu, Xu, Xu, Xu, Xoa, Xoa, Exos, Xoa, Xoa, Xoa, Xoa, Xu, Xu, Rb^Edb, Uu^Tf, Xuc, Xuc, Xom, Xom, Isa, Isa
Xu, Xu, Xoa, Xoa, Isa, Exos^Dr, Exos^Eb, Exos, Uu^Tf, Uh, Exos, Xoa, Xoa, Rb, Isa^Edb, Isa, Rb^Tf, Xuc, Xu, Xom, Xom
Xoa, Xoa, Rb^Pr\, Uh, Isa, Exos, Exos, Exos, Isa, Exos^Dr, Exos^Eb, Exos^Dr, Xoa, Xoa, Rb^Edb, Isa^Edb, Rb, Xu, Xu, Xu, Xu
Uu, Uu, Rb, Rb^Pr\, Xoa, Isa^Edt, Uu^Edt, Isa, Uu^Em, Exos^Dr, Exos, Exos, Uu^Tf, Xoa, Rb, Uh, Xu, Xu, Xu, Xu, Xu
Rb, Rb^Edt, Xoa, Xoa, Xoa, Uh^Tf, Exos^Dr, Isa, Isa^Edt, Uh, Isa, Uu, Isa, Rb, Isa^Edb, Isa^Edb, Xu, Xu, Xu, Xu, Xu
Xoa, Xoa, Xu, Xoa, Qxu, Exos, Exos^Eb, Exos^Dr, Uu^Tf, Isa^Edt, Exos, Isa, Isa, Uu, Uh, Isa^Edb, Xu, Xu, Xu, Xu, Xu
Xu, Xu, Xu, Xu, Qxu, Exos^Dr, Exos^Dr, Exos, Qxu, Exos^Dr, Exos^Eb, Exos, Qxu, Uu^Tf, Rb^Edb, Rb^Edb, Xu, Xu, Xu, Xu, Xu
Xu, Xu, Xu, Qxu, Qxu, Qxu, Qxu, Qxu, Qxu, Exos, Exos, Exos^Dr, Qxu, Xu, Xu, Xu, Xu, Xu, Xu, Xu, Xu
Xu, Xu, Xu, Qxu, Qxu, Qxu, Qxu, Qxu, Qxu, Qxu, Qxu, Qxu, Qxu, Qxu, Xu, Xu, Xu, Xu, Xu, Xu, Xu
