Xu, Xuc, Rb, Uu, Xuc, Xu, Xu, Xu, Xu, Rb, Rb, Xu, Xu, Xuc, Rb, Uu, Xuc, Xu, Xu, Xu, Xu, Xu, Xu, Xu, Xu, Xu, Xu, Xu, Xu, Xu, Xu, Xu, Xu
Xu, Xuc, Uu, Rb, Xur, Xu, Xu, Xu, Uh, Uu^Tf, Uu^Vct, Xu, Xuc, Xuc^Efs, Rb, Uu, Xuc, Xu, Xu, Xu, Xu, Xu, Xu, Xu, Xu, Xu, Xu, Xu, Xu, Xu, Xu, Xu, Xu
Xu, Xuc, Uu, Rb, Xur, Uu^Tf, Xu, Uh, Ce, 1 Ke, Ce, Uh, Xur, Rb, Uu, Uu, Xuc, Xu, Xu, Uu^Tf, Rb, Uh, Uh, Xu, Xu, Xu, Uh, Xu, Xu, Xu, Xuc, Xu, Xuc
Xu, Xuc, Rb, Uu, Xuc^Efs, Uh, Xu, Uu^Tf, Rb^Vct, Ce^Vct, 2 Uu, Rb, Xur, Uu, Isa, Xuc, Uu^Tf, Uh, Uh, Rb, Uh, Rb, Uu^Tf, Xu, Xuc, Uu^Tf, Xur, Xuc, Xuc, Xuc^Efs, Rb, Xuc, Isa
Xu, Xuc, Rb, Rb, Uu, Xuc, Xuc^Efs, Xu, Xu, Rb, Uu^Tf, Xu, Xuc^Efs, Isa, Rb, Xuc, Rb, Uu^Tf, Uu^Tf, Uu^Tf, Rb, Xu, Xuc, Xuc^Efs, Uu, Xur, Isa, Isa, Isa, Rb, Isa, Isa, Uu
Xu, Xuc, Xuc, Isa, Isa, Uu, Isa, Xuc, Xur, Uh, Xu, Xuc, Uu, Isa, Rb, Xuc, Xu, Rb, Xu, Rb, Xur, Xur, Rb, Rb, Isa, Isa, Uu, Uu, Rb, Isa, Uu, Uu, Xuc
Xu, Xu, Xuc, Uu, Uu, Isa, Rb, Isa, Isa, Xur, Xuc, Xuc, Uu, Isa, Uu, Xuc, Xur, Uh, Uh, Xur, Uu, Uu, Isa, Isa, Xuc, Uu, Xur, Xur, Xuc, Rb, Xuc, Xuc, Xu
Xu, Xu, Xu, Xuc, Xur, Xur, Xuc, Rb, Isa, Uu, Xuc, Xuc, Rb, Isa, Isa, Uu, Xuc^Efs, Xu, Xur, Xuc, Rb, Isa, Xuc^Efs, Xuc, Xu, Xuc, Uh, Uu^Tf, Cvr, Xuc, Uh, Xu, Uh
Xu, Sm^Tf, Sm^Tf, Xu, Uu^Tf, Uh, Xu, Xuc^Efs, Isa, Uu, Xuc^Efs, Xuc, Xuc, Rb, Uu, Isa, Rb, Xuc, Uu, Xuc, Rb, Isa, Uu, Xuc, Xu, Uu^Vu, Rb, Cvr, 7 Kvr, Cvr, Rb, Uu^Tf, Uu
Xu, Xu, Uu, Xu, Xuf, Xuf, Sm^Ii, Xur, Isa, Rb, Rb, Xuc, Uh, Xur, Xur, Isa, Isa, Xuc, Rb, Xuc, Xuc^Efs, Isa, Uu, Xuc, Xuc, Xu, Rb, Cvr, Cvr, Cvr, Rb, Uu^Vu, Xu
Xu, Xu, Xuf, Uh, Sm^Dr, Uu^Tf, Rb^Tf, Xur, Xuc, Isa, Uu, Xur, Uu, Uu^Tf, Xuc, Rb, Isa, Rb, Ce, Rb, Ce, Isa, Isa, Uu, Xuc, Xu, Xu, Uu^Tf, Rb, Rb, Uu^Vu, Xu, Xu
Xu, Xuf, Gll^Tfi, Sm, Sm^Ii, Rb^Ii, Xu, Xu, Xuc, Isa, Uu, Xur, Xuc, Xuc^Efs, Uu, Rb, Isa, Uu, Ce, Ket, Ce, Rb, Isa, Rb, Rb, Xuc^Efs, Xuc, Xu, Uu, Uu^Tf, Uh, Xu, Xu
Xu, Xuf, Uu^Tf, Uu^Tf, Xuf, Xu, Xuc, Xuc^Efs, Isa, Isa, Isa, Rb, Rb, Uu, Isa, Isa, Rb, Isa, Isa, Rb, Isa, Isa, Uu, Isa, Isa, Isa, Isa, Xur, Xur, Uh, Xu, Xu, Xu
Xu, Xu, Sm^Dr, Uu^Ii, Xuf, Xuc, Uu, Isa, Rb, Rb, Uu, Isa, Isa, Isa, Uu, Uu, Xur, Rb, Uu, Isa, Rb, Rb, Xuc, Uu, Uu, Uu, Rb, Isa, Isa, Xuc, Xu, Xu, Xu
Xu, Xu, Sm, Uh, Xu, Xuc, Uu, Isa, Uu, Xuc, Xuc, Uu, Xur, Xur, Xuc, Xuc, Uu^Tf, Xur, Xuc, Uu, Xur, Xur, Xu, Xur, Xur, Xuc, Xuc, Rb, Isa, Xuc^Efs, Xuc, Xu, Xu
Xu, Xuf, Uu^Tf, Sm^Tf, Xu, Xuc, Rb, Isa, Uu, Xuc^Efs, Xuc, Xuc, Uh, Uu^Tf, Xu, Xu, Xu, Uh, Xu, Xuc, Uh, Uu, Rb, Uu, Uh, Xu, Xuc, Rb, Isa, Uu, Xuc, Xu, Xu
Xu, Xuf, Uu, Gll^Tfi, Xu, Xuc, Rb, Isa, Isa, Uu, Xuc, Xu, Xu, Uh, Uu, Uh, Uh, Xu, Xu, Rb, Uu^Tf, Uh, Rb, Uu^Tf, Uu^Tf, Rb, Xu, Xuc, Isa, Uu, Uu, Xuc, Xu
Xu, Xu, Sm, Gll^Ii, Xuf, Xuc, Xuc, Uu, Isa, Rb, Rb, Xuc, Xu, Uu^Tf, Uh, Uu, Uu^Tf, Xu, Xu, Rb, Uu^Tf, Uu^Tf, Uh, Uu^Tf, Uh, Rb, Xu, Xuc, Isa, Isa, Uu, Xuc, Xu
Xu, Xu, Sm, Sm^Tf, Uh^Tf, Xuf, Xuc, Uu, Isa, Uu, Rb, Xuc^Efs, Xur, Uh, Xu, Uu, Xu, Xu, Uu^Tf, Rb, Uu, Uh, Rb, Uu^Tf, Uu, Uu, Uh, Xuc, Xuc, Isa, Rb, Xuc, Xu
Xu, Xu, Xu, Uu^Ii, Gll^Ii, Xu, Xuc, Rb, Isa, Cud, Uu, Uu, Uu^Vud, Xur, Xuc, Xuc^Efs, Xuc, Xu, Uh, Uh, Uu^Tf, Uu, Xu, Rb, Xu, Uu^Tf, Xu, Xu, Xuc, Isa, Rb, Xuc, Xu
Xu, Xu, Xuf, Rb, Uu, Xu, Xu, Xuc, Xuc, Uu, Uu, Cud, Kud, Rb, Rb, Uu, Uu, Xuc, Xu, Uu^Tf, Xur, Xu, Xuc^Efs, Xur, Xuc, Xur, Xuc^Efs, Uh^Tf, Xur, Isa, Uu, Xuc, Xu
Xu, Xuf, Uu^Tf, Sm, Sm, Sm, Uu, Xu, Xuc, Rb, Rb, Cud, Cud, Cud, Uu, Cud, Uu, Xuc^Efs, Xuc, Xur, Uu, Xuc, Isa, Isa, Isa, Rb, Isa, Xur, Isa, Isa, Uu, Xuc, Xu
Xu, Xuf, Gll^Ii, Rb^Tf, Xu, Xu, Sm, Xu, Xuc, Isa, Isa, Uu, Isa, Uu, Isa, Uu, Rb, Rb, Uu, Uu, Isa, Isa, Uu, Rb, Rb, Isa, Uu, Isa, Isa, Rb, Xuc, Xuc, Xu
Xu, Xu, Sm^Ii, Uu, Xu, Xu, Sm^Dr, Xu, Xu, Uu^Vud, Isa, Isa, Uu, Isa, Uu, Isa, Isa, Isa, Isa, Isa, Uu, Uu, Xur, Xur, Xuc, Xuc, Xuc, Uu, Isa, Rb, Xuc, Xu, Xu
Xu, Xu, Sm, Sm, Xuf, Xu, Uu^Dr, Xur, Xur, Isa, Rb, Rb, Cud, Uu^Vud, Cud, Xuc, Xuc^Efs, Uu, Isa, Uu, Uu, Xuc, Uu, Uh, Xuc, Xuc^Efs, Isa, Isa, Uu, Uu, Xuc, Xu, Xu
Xu, Xu, Uu^Tf, Uh^Tf, Gll^Ii, Xuf, Xur, Xur, Rb, Isa, Uu, Xuc, Xuc, Cud, Xuc, Xuc, Uu, Uu, Isa, Isa, Rb, Xuc, Uh, Uu^Tf, Xur, Isa, Uu, Uu, Xur, Xur, Xu, Xu, Xu
Xu, Xu, Xu, Rb^Ii, Sm, Xuf, Xu, Xur, Xuc, Isa, Uu, Xuc, Uu, Xuc, Uu^Tf, Xur, Isa, Isa, Uu, Rb, Xuc, Xur, Uu^Tf, Xur, Uu, Isa, Rb, Xuc, Xu, Uu, Uh, Xu, Xu
Xu, Xu, Xuf, Sm, Uu^Tf, Sm, Uu^Tf, Xu, Xuc, Isa, Rb, Xur, Uu^Tf, Uh, Xuc, Xur, Isa, Uu, Xur, Xuc, Uh^Tf, Xu, Xuc, Xuc^Efs, Uu, Isa, Rb, Xuc, Xu, Sm, Uu^Tf, Xu, Xu
Xu, Xu, Xuf, Rb^Tf, Gll^Ii, Xu, Sm^Tf, Xu, Xuc, Isa, Rb, Xur, Uh, Uu, Xuc, Uu, Isa, Rb, Xur, Uu, Uu^Tf, Xu, Xuc, Rb, Isa, Isa, Xuc, Xuc, Uh, Uu, Xu, Xu, Xu
Xu, Xu, Xu, Uu^Ii, Uh, Xu, Sm, Xu, Xuc, Isa, Isa, Xuc^Efs, Xuc, Uu^Tf, Xur, Uu, Isa, Rb, Xuc, Uh, Uu, Uu, Xuc, Rb, Isa, Uu, Xuc, Xu, Sm, Rb^Tf, Xu, Xu, Xu
Xu, Xu, Rb, Sm, Sm, Xu, Uu^Tf, Xu, Xuc, Rb, Uu, Isa, Xuc, Xu, Uu^Tf, Xur, Isa, Uu, Xuc^Efs, Xu, Uu^Tf, Uh, Xuc, Uu, Isa, Xuc, Xu, Xu, Uu^Tf, Sm, Xu, Xu, Xu
Xu, Xuf, Uh, Uu, Xuf, Xu, Xuf, Xu, Xuc, Rb, Rb, Uu, Isa, Xuc, Xu, Xur, Isa, Uu, Rb, Xur, Xu, Xu, Xuc, Uu, Isa, Xuc^Efs, Xur, Uu, Xu, Uh, Uh, Xu, Xu
Xu, Xuf, Xuf, Gg, Xuf, Xuf, Gg^Fp, Xuf, Xuf, Xuc, Xuc, Uu, Isa, Xuc, Uu^Tf, Xuc, Isa, Uu, Rb, Xuc, Xu, Xu, Xur, Uu, Rb, Isa, Isa, Xur, Xuc, Uu^Tf, Xu, Xu, Xu
Xu, Xuf, Gs^Fp, Gg^Fds, Gs^Fp, Gg, Gg^Fet, Gs^Fp, Xuf, Xu, Xuc, Uu, Isa, Xur, Uh, Xuc, Isa, Uu, Xuc, Xuc, Uh, Uu^Tf, Rb, Xur, Xuc, Rb, Isa, Uu, Xuc, Xu, Uu^Tf, Xu, Xu
Xu, Xuf, Gg^Fp, Wwf^Ii, Wwf^Ii, Gs^Fp, Gs^Fds, Gg^Fds, Xu, Xu, Xuc^Efs, Rb, Isa, Xur, Xuc, Xuc, Isa, Rb, Xur, Uh, Uu, Uu^Tf, Rb, Uu^Tf, Xuc, Rb, Uu, Isa, Xuc, Uu, Uh, Xu, Xu
Xu, Xuf, Gg^Fds, Gg^Fet, Gs^Fp, Wwf, Xuf, Xu, Xuc, Xuc, Rb, Rb, Isa, Uu, Xuc, Xuc, Isa, Rb, Xur, Uh, Uu, Rb, Uu, Uu, Xu, Xuc, Uu, Isa, Uu, Xur, Rb, Xu, Xu
Xu, Xuf, Xuf, Gs, Wwf^Ii, Gg^Fp, Xuf, Xuc, Rb, Uu, Isa, Isa, Uu, Uu, Xuc, Xuc, Uu, Isa, Xuc^Efs, Uu, Rb, Uu, Rb, Rb, Xur, Xuc^Efs, Uu, Isa, Rb, Xur, Uu, Xu, Xu
Xu, Xu, Xuf, Wwf^Ii, Gs^Fds, Gg^Fds, Xuf, Xuc, Rb, Isa, Uu, Uu, Xuc, Xuc, Xuc, Xuc, Rb, Isa, Uu, Xuc, Rb, Uu^Tf, Uu^Tf, Uh, Xur, Rb, Isa, Isa, Rb, Xuc^Efs, Xuc, Uu^Tf, Xuc
Xuf, Xuf, Xuf, Wwf, Gs^Fp, Gg^Fet, Xuf, Xuc, Xuc, Isa, Rb, Xur, Uu^Tf, Uh, Xuc^Efs, Uu, Rb, Isa, Uu, Xuc, Xur, Uu^Tf, Uh, Uh, Xuc, Rb, Isa, Uu, Ce, Rb, Uu, Xuc, Rb
Qxu, Qxu, Qxu, Gg^Fp, Wwf^Ii, Gs, Gg^Fp, Xuf, Xuc, Isa, Rb, Xur, Xur, Xuc, Rb, Uu, Isa, Isa, Isa, Uu, Rb, Xur, Xuc, Xuc^Efs, Ce, Uu, Isa, Ce, Ket, Ce, Uu, Rb, Isa
Qxu, Qxu, Gg^Fet, Gg^Ii, Wwf, Gg^Fds, Ds^Esd, Xuf, Xuc, Isa, Isa, Uu, Uu, Rb, Isa, Isa, Rb, Rb, Xuc, Isa, Isa, Rb, Uu, Uu, Ce, Uu^Vd, Isa, Uu^Vd, Uu, Ce, Isa, Isa, Xuc
Qxu, Qxu, Gs^Fp, Gs^Fds, Gs^Fp, Ds, Wwrg, Xuf, Xuf, Xuc, Xuc, Isa, Isa, Isa, Xur, Uu, Xuc, Xuc, Uu^Tf, Xur, Xur, Isa, Isa, Uu, Isa, Isa, Rb, Isa, Isa, Isa, Xuc, Xuc, Xu
Qxu, Qxu, Gg^Fp, Wwf^Ii, Ds^Esd, Ds^Esd, Wwg^Ii, Wog, Qxu, Xu, Xu, Xuc, Xuc, Xuc, Uu^Tf, Xur, Wwf, Xu, Uu^Vu, Rb, Xuc, Uu, Rb, Isa, Uu, Uu, Ce, Rb, Uu, Uu^Vd, Xuc, Xu, Xu
Qxu, Qxu, Qxu, Wwf^Esd, Wwrg, Wwg, Wog^Ii, Wog^Ii, Qxu, Qxu, Qxu, Xu, Xu, Xu, Rb, Uh, Wwg, Uu, Xu, Uh, Xu, Xuc, Xuc, Rb, Xuc, Xuc, Xuc, Xuc, Xuc, Xuc, Xu, Xu, Xu
Qxu, Qxu, Qxu, Qxu, Qxu, Wog, Qxu, Qxu, Qxu, Qxu, Qxu, Qxu, Qxu, Xu, Xu, Xu, Wog, Wwg, Xu, Xu, Xu, Xu, Xu, Xuc, Xu, Xu, Xu, Xu, Xu, Xu, Xu, Xu, Xu
Qxu, Qxu, Qxu, Qxu, Qxu, Qxu, Qxu, Qxu, Xu, Xu, Xu, Qxu, Qxu, Xu, Xu, Xu, Wog, Wog, Xu, Xu, Xu, Xu, Xu, Xu, Xu, Xu, Xu, Xu, Xu, Xu, Xu, Xu, Xu
