Qxu, Qxu, Qxu, Qxu, Qxu, Qxu, Qxu, Qxu, Qxu, Qxu, Qxu, Qxu, Qxu, Qxu, Qxu, Qxu, Qxu, Qxu, Qxu, Qxu, Xoa, Qxu, Xoa, Xoa, Xoa, Qxu, Xoa, Qxu, Qxu, Qxu, Qxu, Qxu, Qxu, Qxu, Qxu, Qxu, Qxu, Qxu, Qxu, Qxu, Qxu, Qxu, Qxu, Qxu, Qxu, Qxu
Qxu, Qxu, Qxu, Qxu, Qxu, Qxu, Qxu, Qxu, Qxu, Qxu, Qxu, Qxu, Qxu, Qxu, Qxu, Qxu, Qxu, Qxu, Xoa, Xoa, Cud^Ebn, Qxu, Qxu, Xoa, Qxu, Qxu, Cud^Ebn, Xoa, Xoa, Qxu, Qxu, Qxu, Qxu, Qxu, Qxu, Qxu, Qxu, Qxu, Qxu, Qxu, Qxu, Qxu, Qxu, Qxu, Qxu, Qxu
Qxu, Qxu, Qxu, Qxu, Qxu, Qxu, Qxu, Qxu, Qxu, Qxu, Qxu, Qxu, Qxu, Qxu, Qxu, Qxu, Qxu, Xoa, Cud, Cud, Qxu, Qxu, Qxu, Qxu, Qxu, Qxu, Qxu, Cud, Cud, Xoa, Qxu, Qxu, Qxu, Qxu, Qxu, Qxu, Qxu, Qxu, Qxu, Qxu, Qxu, Qxu, Qxu, Qxu, Qxu, Qxu
Qxu, Qxu, Qxu, Qxu, Qxu, Qxu, Qxu, Qxu, Qxu, Qxu, Qxu, Qxu, Qxu, Qxu, Qxu, Qxu, Qxu, Xoa, Cud, Qxu, Qxu, Qxu, Xoa, Xoa, Xoa, Qxu, Qxu, Qxu, Cud, Xoa, Qxu, Qxu, Qxu, Qxu, Qxu, Qxu, Qxu, Qxu, Qxu, Qxu, Qxu, Qxu, Qxu, Qxu, Qxu, Qxu
Qxu, Qxu, Qxu, Qxu, Qxu, Qxu, Qxu, Qxu, Qxu, Qxu, Qxu, Qxu, Qxu, Qxu, Qxu, Qxu, Qxu, Xoa, Cud^Ebn, Qxu, Qxu, Xoa, Xu, Xu, Xu, Xoa, Qxu, Qxu, Cud^Ebn, Xoa, Qxu, Qxu, Qxu, Qxu, Qxu, Qxu, Qxu, Qxu, Qxu, Qxu, Qxu, Qxu, Qxu, Qxu, Qxu, Qxu
Qxu, Qxu, Qxu, Qxu, Qxu, Qxu, Qxu, Qxu, Qxu, Qxu, Qxu, Qxu, Qxu, Qxu, Qxu, Qxu, Qxu, Xoa, Qxu, Qxu, Qxu, Xoa, Xu, Xu, Xu, Xoa, Qxu, Qxu, Qxu, Xoa, Qxu, Qxu, Qxu, Qxu, Qxu, Qxu, Qxu, Qxu, Qxu, Qxu, Qxu, Qxu, Qxu, Qxu, Qxu, Qxu
Qxu, Qxu, Qxu, Qxu, Qxu, Qxu, Qxu, Qxu, Qxu, Qxu, Qxu, Qxu, Qxu, Qxu, Qxu, Qxu, Qxu, Qxu, Qxu, Qxu, Qxu, Xoa, Xoa, Xu, Xoa, Xoa, Qxu, Qxu, Qxu, Qxu, Qxu, Qxu, Qxu, Qxu, Qxu, Qxu, Qxu, Qxu, Qxu, Qxu, Qxu, Qxu, Qxu, Qxu, Qxu, Qxu
Qxu, Qxu, Qxu, Qxu, Qxu, Qxu, Qxu, Qxu, Qxu, Qxu, Qxu, Qxu, Qxu, Qxu, Qxu, Qxu, Xoa, Xoa, Xoa, Qxu, Qxu, Qxu, Qxu, Xoa, Qxu, Qxu, Qxu, Qxu, Xoa, Xoa, Xoa, Qxu, Qxu, Qxu, Qxu, Qxu, Qxu, Qxu, Qxu, Qxu, Qxu, Qxu, Qxu, Qxu, Qxu, Qxu
Qxu, Qxu, Qxu, Qxu, Qxu, Qxu, Qxu, Qxu, Qxu, Qxu, Qxu, Qxu, Qxu, Qxu, Qxu, Qxu, Xoa, Xoa, Xoa, Qxu, Qxu, Qxu, Qxu, Qxu, Qxu, Qxu, Qxu, Qxu, Xoa, Xoa, Xoa, Qxu, Qxu, Qxu, Qxu, Qxu, Qxu, Qxu, Qxu, Qxu, Qxu, Qxu, Qxu, Qxu, Qxu, Qxu
Qxu, Qxu, Qxu, Qxu, Qxu, Qxu, Qxu, Qxu, Qxu, Qxu, Qxu^Xo, Qxu, Qxu, Qxu, Qxu, Qxu, Qxu, Xoa, Qxu, Qxu, Xoa, Cud^Ebn, Cud, Qxu, Cud, Cud^Ebn, Xoa, Qxu, Qxu, Xoa, Qxu, Qxu, Qxu, Qxu, Qxu, Qxu, Qxu, Qxu, Qxu, Qxu, Qxu, Qxu, Qxu, Qxu, Qxu, Qxu
Qxu, Qxu, Qxu, Qxu, Qxu, Qxu, Qxu, Qxu, Qxu^Xo, Qxu^Xo, Cud, Qxu^Xo, Qxu^Xo, Qxu, Qxu^Xo, Qxu^Xo, Qxu^Xo, Qxu, Qxu, Qxu, Qxu, Xoa, Xoa, Cud, Xoa, Xoa, Qxu, Qxu, Qxu, Qxu, Qxu, Qxu, Qxu, Qxu, Qxu^Xo, Qxu, Qxu, Qxu, Qxu^Xo, Qxu, Qxu, Qxu, Qxu, Qxu, Qxu, Qxu
Qxu, Qxu, Qxu, Qxu, Qxu, Qxu, Xu, Xoa, Xoa, Cud, Isa, Isa, Isa, Qxu^Xo, Cud, Cud, Cud, Qxu^Xo, Qxu, Qxu, Qxu, Qxu, Qxu, Xoa, Qxu, Qxu, Qxu, Qxu, Qxu, Qxu, Qxu^Xo, Qxu, Qxu^Xo, Qxu^Xo, Cud, Qxu^Xo, Qxu^Xo, Qxu^Xo, Cud, Qxu^Xo, Qxu^Xo, Qxu, Qxu, Qxu, Qxu, Qxu
Qxu, Qxu, Qxu, Qxu, Qxu, Xu, Xu, Xu, Xoa, Cud, Isa, Cud, Isa, Isa, Isa, Isa, Isa, Qxu^Xo, Qxu^Xo, Qxu, Qxu^Xo, Qxu, Qxu, Qxu, Qxu, Qxu, Qxu^Xo, Qxu, Qxu^Xo, Qxu^Xo, Isa, Qxu^Xo, Isa, Cud, Isa, Cud, Isa, Isa, Isa, Cud, Cud, Qxu^Xo, Qxu, Qxu, Qxu, Qxu
Qxu, Qxu, Qxu, Qxu, Xu, Xu, Xu, Xu, Xoa, Cud, Isa, Isa, Uu^Vud, Uu^Vud, Isa, Isa^Ebn, Isa, Cud, Isa, Qxu^Xo, Cud, Qxu^Xo, Qxu^Xo, Qxu^Xo, Qxu^Xo, Qxu^Xo, Cud, Qxu^Xo, Isa, Isa, Isa, Isa, Isa, Isa, Isa^Ebn, Isa, Uu^Vud, Uu^Vud, Isa, Isa, Cud, Qxu^Xo, Qxu^Xo, Qxu, Qxu, Qxu
Qxu, Qxu, Qxu, Qxu, Xu, Xu, Xoa, Xoa, Cud, Cud, Isa, Uu^Vud, Isa, Isa, Uu^Vud, Uu^Vud, Isa, Isa, Isa, Cud, Kud, Cud, Urc^Efs, Urc, Urc^Efs, Cud, Kud, Cud, Isa, Isa, Uu^Vud, Uu^Vud, Isa, Isa, Isa, Uu^Vud, Isa, Isa, Uu^Vud, Isa, Isa, Cud, Xoa, Xoa, Xu, Qxu
Qxu, Qxu, Qxu, Xu, Xu, Xu, Xoa, Kud, Cud^Ebn, Isa, Isa, Isa, Isa, Uu^Vud, Isa, Isa, Uu^Vud, Uu^Vud, Isa, Cud^Ebn, Cud, Cud, Urc, Urc, Urc, Cud, Cud, Cud^Ebn, Isa, Uu^Vud, Isa, Isa, Uu^Vud, Uu^Vud, Isa, Isa, Isa, Uu^Vud, Uu^Vud, Uu^Vud, Isa, Cud, Xoa, Xu, Xu, Xu
Qxu, Qxu, Qxu, Xu, Xu, Xu, Xoa, Cud, Isa, Isa, Uu^Vud, Uu^Vud, Isa, Isa, Isa, Uu^Vud, Isa, Isa, Isa, Isa, Isa, Isa, Urc^Efs, Urc, Urc^Efs, Isa, Isa, Isa, Uu^Vud, Isa, Isa, Uu^Vud, Isa, Isa, Uu^Vud, Uu^Vud, Isa, Isa, Isa, Isa, Cud, Cud, Xoa, Xu, Xu, Xu
Qxu, Qxu, Xu, Xu, Xu, Xu, Xoa, Cud, Isa, Uu^Vud, Isa, Isa, Uu^Vud, Uu^Vud, Isa, Isa, Isa, Uu^Vud, Uu^Vud, Isa, Isa, Isa, Urc, Urc, Urc, Isa, Isa, Uu^Vud, Uu^Vud, Uu^Vud, Isa, Isa, Isa, Uu^Vud, Isa, Isa, Uu^Vud, Uu^Vud, Isa, Cud^Ebn, Kud, Xoa, Xu, Xu, Xu, Xu
Qxu, Qxu, Xu, Xu, Xu, Xu, Xoa, Cud, Cud, Isa, Isa, Uu^Vud, Isa, Isa, Isa, Uu^Vud, Uu^Vud, Isa, Isa, Uu^Vud, Isa, Isa, Urc^Efs, Urc, Urc^Efs, Isa, Isa, Isa, Isa, Isa, Isa^Ebn, Uu^Vud, Uu^Vud, Isa, Isa, Uu^Vud, Isa, Isa, Isa, Cud, Xoa, Xoa, Xu, Xu, Xu, Xu
Qxu, Xu, Xu, Xu, Xu, Xu, Xu, Xoa, Xoa, Cud, Cud, Isa, Cud, Cud, Cud, Isa, Isa, Isa^Ebn, Isa, Isa, Isa, Isa, Cud, Urc, Cud, Isa, Cud, Isa, Isa, Isa, Isa, Isa, Isa, Uu^Vud, Isa, Isa, Cud, Isa, Cud, Cud, Xoa, Xu, Xof, Xu, Xu, Xu
Xu, Xu, Xu, Xu, Xof, Xof, Xof, Xu, Xu, Xoa, Xoa, Cud, Xoa, Xoa, Xoa, Cud, Xoa, Isa, Cud, Cud, Cud, Cud, Cud, Cud, Qxu^Bh|, Cud, Cud, Cud, Cud, Isa, Xoa, Cud, Cud, Isa, Cud, Cud, Xoa, Cud, Xoa, Xoa, Xof, Xof, Ur, Xof, Xof, Xu
Xu, Xu, Xu, Xof, Ur, Ur, Ur, Xof, Xu, Xu, Xu, Xoa, Xu, Xu, Xu, Xoa, Xu, Xoa, Xuc, Cud, Qxu^Bh|, Qxu^Bh|, Qxu^Bh|, Qxu^Bh|, Qxu^Bh|, Qxu^Bh|, Qxu^Bh|, Xuc, Xuc, Xoa, Xu, Xoa, Xoa, Cud, Xoa, Xoa, Xu, Xoa, Xoa, Xu, Xof^Efs, Ur, Ur, Ur, Xof, Xu
Xu, Xu, Xu, Xof, Ur, Ur, Ur, Xof^Efs, Xoa, Xoa, Xoa^Efs, Xu, Xu, Xu, Xu, Xu, Xu, Xuc, Qxu, Qxu^Bh|, Qxu^Bh|, Qxu^Bh|, Qxu^Bh|, Qxu^Bh|, Qxu^Bh|, Qxu^Bh|, Qxu^Bh|, Qxu, Qxu, Xoa, Xu, Xu, Xu, Xoa, Xu, Xu, Xoa^Efs, Xoa, Uh^Vud, Xoa, Cud, Ur, Ur, Ur, Xof, Xu
Xu, Xu, Xu, Xof, Xof, Ur, Kud, Cud, Uh, Uh^Tf, Isa, Cud, Wog, Xu, Xu, Xu, Qxu, Qxu, Qxu, Qxu^Bh|, Isa, Qxu^Bh|, Isa, Qxu^Bh|, Isa, Isa, Uu^Tf, Qxu, Qxu, Qxu, Xu, Xu, Uh, Xu^Efs, Cud, Xoa, Isa, Isa^Edt, Isa^Edt, Uh, Cud, Kud, Cud, Xof, Xu, Xu
Xu, Xu, Xu, Xu, Xoa^Efs, Cud, Cud, Cud, Isa, Uu^Vud, Isa, Wwg, Wwg, Wog, Xu, Xu, Qxu, Qxu, Xuc, Isa, Isa, Isa, Isa, Uu, Uh, Cud, Cud, Qxu, Qxu, Qxu, Wog, Uh^Tf, Wog, Cud, Wwg, Cud, Cud, Uu^Em, Isa^Edt, Uu^Edt, Isa, Cud, Uu^Tf, Xoa, Xu, Xu
Xu, Xu, Xu, Xoa, Isa, Uh^Tf, Uu^Tf, Uu^Em, Isa, Uu^Em, Xoa^Efs, Cud, Cud, Wog, Wwg, Cud, Qxu, Qxu, Xuc, Uu^Tf, Isa, Uu, Uh, Cud, Cud, Cud^Ebn, Qxu, Qxu, Qxu, Qxu, Qxu, Wog, Wog, Wwg, Wwf, Wwg, Cud, Uh^Tf, Uu^Tf, Isa, Uu^Em, Isa^Edt, Isa^Edt, Xoa, Xu, Xu
Xu, Xu, Xu, Xoa, Isa^Em, Uu^Vud, Uh, Isa, Isa, Uh, Uh^Tf, Xoa, Cud, Wwf, Wwf, Cud, Qxu, Qxu, Qxu, Xuc, Isa, Cud, Cud^Ebn, Cud, Uu, Isa, Qxu, Qxu, Qxu, Qxu, Xu, Wog, Wwf, Wwf, Xu, Wwg, Cud, Cud, Xoa, Isa, Uu^Tf, Uh^Vud, Xoa, Xoa, Xu, Xu
Xu, Xu, Xu, Xoa, Cud, Isa, Cud, Xoa, Xoa, Uu^Tf, Isa, Xoa^Efs, Xoa, Wog, Wwg, Wog, Qxu, Qxu, Qxu, Qxu, Isa, Cud, Uu, Uu^Tf, Uh, Isa, Xur, Qxu, Qxu, Qxu, Xu, Cud, Wwf, Cud, Xu, Xu, Xu, Xu, Xoa^Efs, Isa, Isa, Xoa, Xu, Xu, Xu, Xu
Xu, Xu, Xu, Xu, Xu, Wog, Wwg, Xoa^Efs, Xoa, Isa^Em, Uu^Tf, Uu, Xoa^Efs, Cud, Wwg, Xu, Xu, Qxu, Qxu, Qxu, Isa, Isa, Isa, Uh, Isa, Isa, Uu^Tf, Xur, Qxu, Qxu, Qxu, Xu^Efs, Wwg, Xu, Xu, Xu, Xu, Xu, Uh, Uu^Em, Isa, Xoa^Efs, Xu, Xu, Xu, Xu
Xu, Xu, Xu, Xu, Xu, Wog, Wwf, Cud, Isa, Xoa, Uh^Tf, Isa^Em, Isa, Xoa, Uh^Tf, Xoa^Efs, Xoa, Qxu, Qxu^Bh/, Uu, Uu^Tf, Xur, Xur, Isa, Uu^Tf, Isa, Isa, Uh, Qxu, Qxu, Wog, Wog, Wwg, Xu, Xu, Xu, Xu, Xu, Isa^Edt, Uu^Tf, Wwg, Wwg, Xu, Xu, Xu, Xu
Xu, Xu, Xu, Xu, Cud, Wwg, Wwg, Cud, Cud, Xoa^Efs, Xoa, Uh, Isa, Uu^Tf, Uu^Em, Uh, Isa, Qxu^Bh/, Qxu, Uh, Isa, Isa, Isa, Uh, Isa, Isa, Uu, Isa, Qxu^Bh\, Qxu, Wwg, Wwg, Uh^Tf, Xoa^Efs, Xoa, Xu, Xoa, Xoa^Efs, Uh^Tf, Isa, Wwg, Wog, Wog, Xu, Xu, Xu
Xu, Xu, Xu, Xu, Cud, Wwg, Wwf, Wog, Wwg, Wog, Wwf, Xoa, Wwg, Isa, Xoa, Isa, Qxu, Qxu, Qxu, Isa, Cud, Uu^Tf, Uh, Isa, Isa^Edt, Uh, Qxu, Qxu, Qxu, Qxu^Bh\, Isa, Isa^Edt, Uu^Tf, Uh, Isa^Edt, Uh, Isa, Uu^Tf, Uu^Em, Isa, Xoa, Wwf, Wwf, Xu, Xu, Xu
Xu, Xu, Xoa, Xoa, Xoa, Cud, Xu, Wwf, Wwg, Wwg, Xu, Wwf, Wwg, Wwg, Xu, Xoa, Qxu, Qxu, Isa, Cud, Cud^Ebn, Uh, Cud, Uu, Isa^Edt, Isa^Edt, Qxu, Qxu, Qxu, Qxu, Xu, Uu^Em, Xoa, Isa, Uu^Em, Uu^Tf, Uh^Tf, Isa^Edt, Xoa, Xoa, Xu, Wwf, Wog, Xu, Xu, Xu
Xu, Xoa, Urb^Edt, Urb^Em, Urb^Edt, Xoa, Xoa, Ur, Ur, Xu, Xoa, Xoa, Xoa, Xu, Xu, Xu, Qxu, Qxu, Isa, Isa, Isa^Edt, Cud, Cud^Ebn, Cud, Uu, Uu^Tf, Cud, Qxu, Qxu, Qxu, Qxu, Xu, Xu, Xoa, Wwg, Wwg, Xoa, Xoa, Xu, Xu, Wwg, Wwg, Wog, Xu, Xu, Xu
Xu, Xoa, Xoa, Urb^Edt, Urb^Pr/, Urb^Pr/, Urb^Edt, Urb^Edt, Xoa, Xoa, Urb^Edt, Urb^Edt, Urb^Edt, Xoa, Xoa, Qxu, Qxu, Qxu, Qxu, Isa^Edt, Isa^Edt, Uh, Uu, Cud, Isa^Edt, Uh, Uu, Qxu, Qxu, Qxu, Qxu, Xu, Xu, Xu, Wwg, Wwf, Wwg, Xu, Wog, Wog, Wwf, Wwg, Xu, Xu, Xu, Xu
Xu, Xu, Xu, Xoa, Urb^Edt, Urb, Chr, Urb, Urb, Urb^Pr\, Urb^Pr\, Urb^Em, Xoa, Xoa, Xu, Qxu, Qxu, Qxu, Qxu, Uu^Tf, Uu, Isa, Isa^Edt, Uu, Isa, Isa, Isa, Isa, Qxu, Qxu, Qxu, Qxu, Xu, Xu, Urb^Qhh, Wwg, Wwg, Wwg, Wwf, Wwf, Xu, Xu, Xu, Xu, Xu, Xu
Xu, Xu, Xoa, Xoa, Urb^Pr\, Urb^Edt, Urb, Chr, Urb^Edt, Urb^Edt, Xoa, Xoa, Xu, Xu, Xu, Xu, Qxu, Qxu, Qxu, Uh, Xur, Isa^Edt, Isa, Isa, Xur, Uu^Tf, Uh, Isa, Qxu, Qxu, Qxu, Qxu, Xu, Sm^Es, Urb^Qhh, Xu, Xu, Xu, Xu, Xu, Xu, Xu, Xu, Xu, Xu, Xu
Xu, Xoa, Urb^Em, Urb^Edt, Urb^Edt, Urb^Pr\, Xoa, Urb, Xoa, Xoa, Xof, Xu, Xu, Xu, Xu, Xu, Qxu, Qxu, Uu^Tf, Isa, Isa^Edt, Xur, Uu^Tf, Isa, Isa^Edt, Xur, Isa, Qxu, Qxu, Qxu, Qxu, Qxu, Xu, Sm^Em, Urb^Qhh, Xu, Xu, Xu, Xu, Xu, Xof, Xof, Xof, Xu, Xu, Xu
Xu, Xoa, Xoa, Urb^Edt, Xoa, Xoa, Xu, Xoa, Xof, Xof, Ur, Xof, Xof, Xu, Xu, Qxu, Qxu, Qxu, Uh, Uu, Isa, Isa^Edt, Isa^Edt, Uu, Isa^Edt, Isa^Edt, Uu^Tf, Qxu, Qxu, Qxu, Qxu, Qxu, Xu, Xu, Sm, Ss^Em, Xu, Xu, Xu, Xof, Ur, Ur, Ur, Xof, Xu, Xu
Xu, Xu, Xu, Xoa, Xu, Xu, Xoa, Xu, Xof^Efs, Ur, Ur, Ur, Xof, Xu, Xu, Qxu, Qxu, Qxu, Isa, Isa^Edt, Isa^Edt, Isa, Isa, Isa, Uh, Uu, Isa, Qxu, Qxu, Qxu, Qxu, Xu, Xu, Xu, Ss^Es, Sm^Em, Xu, Xu, Xoa, Xof^Efs, Ur, Ur, Ur, Xof, Xu, Xu
Xu, Xu, Xu, Xu, Xoa, Xoa^Efs, Isa, Xoa, Cud, Ur, Ur, Ur, Xof, Xu, Qxu, Qxu, Qxu, Qxu, Qxu, Isa^Edt, Uh, Xur, Xur, Isa, Isa, Uh, Isa, Isa, Qxu, Qxu, Xu, Xu, Xu, Urb^Qhh, Urb^Qhh, Xu, Xoa, Xoa^Efs, Uh^Tf, Cud, Kud, Ur, Xof, Xof, Xu, Xu
Xu, Xu, Xu, Xu, Xoa, Uh, Uu^Vud, Uu^Em, Cud, Kud, Cud, Xof, Xu, Xu, Qxu, Qxu, Qxu, Qxu, Qxu, Isa, Isa, Uu^Tf, Isa^Edt, Isa, Isa, Isa, Uu^Tf, Isa, Qxu, Qxu, Xu, Xu, Sm^Em, Urb^Qhh, Ss^Es, Xu, Xoa, Isa, Uu^Vud, Cud, Cud, Cud, Xoa^Efs, Xu, Xu, Xu
Wog, Xu, Xu, Xu, Xoa, Uh^Tf, Uu^Tf, Isa, Isa, Cud, Xoa, Xoa, Wog, Xu, Xu, Qxu, Qxu, Qxu, Uu^Tf, Uu^Tf, Isa, Isa^Edt, Isa^Edt, Uu, Isa, Isa, Uh, Uu, Qxu, Qxu, Xu, Xu, Ss^Es, Sm^Es, Ss^Es, Xu, Xoa, Isa, Isa, Isa, Isa^Edt, Isa^Edt, Isa, Xoa, Xu, Xu
Xu, Wog, Wog, Xu, Xu, Xoa, Xoa, Isa, Uh, Uu^Vud, Xoa, Wog, Wog, Xu, Xu, Qxu, Qxu, Qxu, Isa, Uh, Isa, Uh, Isa, Uu, Uu^Tf, Isa^Edt, Isa^Edt, Qxu, Qxu, Qxu, Xu, Xu, Xu, Ss^Es, Xu, Xu, Xu, Xoa, Uh, Uu^Em, Isa, Uh^Vud, Uh^Tf, Xoa, Xu, Xu
Xu, Xu, Wog, Xu, Xu, Xu, Xoa^Efs, Uu, Isa, Xoa, Xu, Xu, Wog, Wog, Xu, Qxu, Qxu, Qxu, Qxu^Bh|, Isa, Qxu^Bh|, Uu^Tf, Isa, Isa, Isa, Isa^Edt, Isa, Qxu, Qxu, Qxu, Qxu, Xu, Xu, Xu, Xu, Xu, Cud, Xoa^Efs, Wwf^Edt, Wwf^Edt, Xoa, Uu, Xoa, Xoa, Xu, Xu
Xu, Xu, Wog, Xu, Wog, Xoa, Isa, Isa, Uu^Em, Xoa^Efs, Wwg, Wog, Wog, Wog, Wog, Xu, Qxu, Qxu, Qxu^Bh|, Qxu^Bh|, Qxu^Bh|, Qxu^Bh|, Qxu^Bh|, Qxu^Bh|, Qxu^Bh|, Isa, Qxu^Bh|, Qxu, Qxu, Qxu, Qxu, Xu, Xu, Xu, Xu, Cud, Uu^Em, Uh^Tf, Wwf^Edt, Wwg^Edt, Xoa, Xoa, Xu, Xu, Xu, Xu
Xu, Xu, Xu, Wog, Wwg, Wwg, Uh, Isa, Uu^Tf, Uh^Tf, Isa, Wwg, Wwg, Xu, Wog, Xu, Qxu, Qxu, Qxu^Bh|, Qxu^Bh|, Qxu^Bh|, Qxu^Bh|, Qxu^Bh|, Qxu^Bh|, Qxu^Bh|, Qxu^Bh|, Qxu^Bh|, Qxu, Qxu, Qxu, Qxu, Xu, Xu, Xu, Xoa, Xoa^Efs, Wwg^Edt, Wwg^Edt, Cud, Cud, Xoa, Xu, Xu, Xu, Xu, Xu
Xu, Xu, Xu, Wog, Wwg, Uu^Tf, Uu, Isa, Wwg, Isa, Uh^Tf, Uu^Tf, Wwrg, Wwg, Wwg, Xu, Qxu, Qxu, Qxu^Bh|, Qxu^Bh|, Isa, Qxu^Bh|, Isa, Qxu^Bh|, Qxu^Bh|, Qxu^Bh|, Qxu^Bh|, Qxu, Qxu, Qxu, Xu, Xu, Xu, Xoa, Cud, Cud, Wwf^Edt, Wwg^Edt, Xoa^Efs, Xoa, Xu, Xu, Xu, Xu, Xu, Xu
Xu, Xu, Xu, Xu, Wwg, Wwrg, Wwrg, Wwg, Wog, Wwg, Wwg, Uh, Wwrg, Wwg, Xu, Xu, Xu, Qxu, Isa, Uu, Uu^Tf, Isa, Uu, Uu^Tf, Isa, Qxu^Bh|, Uu^Tf, Uu^Tf, Isa, Xu, Xu, Xu, Xu, Xoa, Wwg^Edt, Wwg^Edt, Uh, Uu^Tf, Cud, Xu, Xu, Xu, Xu, Xu, Xu, Xu
Xu, Xu, Xu, Wog, Wwg, Uh^Tf, Wwrg, Wwg, Wog, Wog, Wwg, Wwrg, Uu^Tf, Wwg, Xoa^Efs, Xu, Xu, Uu^Tf, Uh, Isa, Isa, Isa, Xu, Isa, Isa, Uu, Uh, Isa, Uu^Tf, Xu, Xu, Xu, Xoa, Wwf^Edt, Wwf^Edt, Wwg^Edt, Xoa, Cud, Xu, Xu, Xu, Xu, Xu, Xu, Xu, Xu
Xu, Xu, Wog, Wog, Wwg, Uu^Tf, Uu^Em, Wwg, Wwg, Wwg, Wwrg, Uu, Isa, Isa, Uh, Xoa, Isa, Uu, Isa^Ecf, Isa, Uu, Xu, Xu, Xu, Uu^Tf, Isa, Isa, Isa, Uh, Isa, Xu, Xu, Xoa, Uh^Tf, Isa, Xoa, Xu, Xu, Xu, Xu, Xu, Xu, Xu, Xu, Xu, Xu
Xu, Xu, Wog, Xu, Wwg, Wwrg, Wwrg, Wwrg, Uh^Tf, Uu^Tf, Wwrg, Uh, Xoa, Uu, Isa, Isa, Isa, Isa, Isa, Isa, Uh, Xu, Xu, Xu, Xu, Uh, Isa, Uu, Isa, Isa^Ecf, Uu^Tf, Xoa, Uu, Uh, Uu^Tf, Xoa, Xu, Xu, Xu, Xu, Xu, Xu, Xu, Xu, Xu, Xu
Xu, Xu, Wog, Xu, Xu, Wwg, Wwg, Wwrg, Uu^Em, Uh, Wwg, Xoa, Xu, Xu, Xu, Isa^Ecf, Uh, Uu^Tf, Ce, Ce^Vct, Ce^Vct, Uh, Xu, Xu, Xu, Uu^Tf, Ce^Vct, Ce^Vct, Ce, Uu, Uh, Isa, Isa, Isa, Xoa, Xoa, Xu, Xu, Xu, Xu, Xu, Xu, Xu, Xu, Xu, Xu
Xu, Xu, Xu, Wog, Wog, Wog, Wog, Wwg, Wwg, Wwg, Wog, Wog, Xu, Xu, Xu, Uu, Ce^Vct, Ce, 1 Ke, Ce^Vct, Ce^Vct, Isa, Isa, Xu, Uu^Tf, Isa, Ce^Vct, Ce^Vct, 2 Ke, Ce, Ce^Vct, Uu, Isa^Ecf, Isa, Xu, Xu, Xu, Xu, Xu, Xu, Xu, Xu, Xu, Xu, Xu, Xu
Xu, Xu, Xu, Wog, Xu, Xu, Xu, Wog, Xu, Xu, Xu, Wog, Xu, Xu, Xu, Uu^Tf, Ce^Vct, Ce^Vct, Ce, Ce, Isa, Uu, Uu, Uu^Tf, Uh, Isa, Uh, Ce, Ce, Ce^Vct, Ce^Vct, Isa, Uh, Uu^Tf, Xu, Xu, Xu, Xu, Xu, Xu, Xu, Xu, Xu, Xu, Xu, Xu
Xu, Xu, Wog, Wog, Xu, Xu, Xu, Xu, Xu, Xu, Wog, Wog, Xu, Xu, Uu^Tf, Isa, Isa, Ce^Vct, Uh, Uu^Tf, Isa, Isa^Ecf, Uu, Uh, Isa, Isa^Ecf, Uu, Uu^Tf, Isa, Ce^Vct, Uu^Tf, Isa, Uu, Xu, Xu, Xu, Xu, Xu, Xu, Xu, Xu, Xu, Xu, Xu, Xu, Xu
Xu, Xu, Wog, Xu, Xu, Xu, Xu, Xu, Xu, Xu, Wog, Xu, Xu, Xu, Uu, Uu, Isa, Isa, Uu, Uu, Isa, Isa, Isa, Uu, Isa, Uu, Uu, Isa, Isa, Isa, Uu, Uu, Xu, Xu, Xu, Xu, Xu, Xu, Xu, Xu, Xu, Xu, Xu, Xu, Xu, Xu
